../Core/Src/main.c:112:5:main	8	static
../Core/Src/main.c:202:6:SystemClock_Config	96	static
../Core/Src/main.c:263:13:MX_I2C1_Init	8	static
../Core/Src/main.c:311:13:MX_SPI1_Init	8	static
../Core/Src/main.c:351:13:MX_TIM2_Init	56	static
../Core/Src/main.c:403:13:MX_USART2_UART_Init	8	static
../Core/Src/main.c:438:13:MX_GPIO_Init	40	static
../Core/Src/main.c:465:6:ReadSensorData	24	static
../Core/Src/main.c:490:6:CheckOutp	64	static
../Core/Src/main.c:514:6:StartCheckOutp	16	static
../Core/Src/main.c:533:6:StartReadSensor	16	static
../Core/Src/main.c:552:6:StartSendData	16	static
../Core/Src/main.c:571:6:HAL_TIM_PeriodElapsedCallback	16	static
../Core/Src/main.c:588:6:Error_Handler	4	static,ignoring_inline_asm
